[2026-09-02T17:44:30.773Z] info: kubernetes.yaml was copied to the config folder
[2026-09-02T17:55:00.591Z] info: docker.yaml was copied to the config folder
[2026-09-02T17:55:00.592Z] info: services.yaml was copied to the config folder
[2026-09-02T17:55:00.593Z] info: bookmarks.yaml was copied to the config folder
[2026-09-02T17:55:00.593Z] info: proxmox.yaml was copied to the config folder
[2026-09-02T17:55:00.597Z] info: widgets.yaml was copied to the config folder
[2026-09-02T17:55:00.597Z] info: custom.css was copied to the config folder
[2026-09-02T17:55:00.598Z] info: custom.js was copied to the config folder
[2026-09-02T17:56:24.075Z] error: <dockerStatusService> TypeError: Cannot read properties of null (reading 'my-docker')
    at k (/app/.next/server/chunks/7572.js:1:14438)
    at j (/app/.next/server/pages/api/docker/status/[...service].js:2:1476)
    at tO (/app/node_modules/.pnpm/next@16.3.3_@babel+core@7.29.7_supports-color@7.2.0__@types+node@26.2.0_react-dom@19.2.8_react@19.2.8__react@19.2.8/node_modules/next/dist/compiled/next-server/pages-api.runtime.prod.js:1:107988)
    at process.processTicksAndRejections (node:internal/process/task_queues:103:5)
    at async tA.render (/app/node_modules/.pnpm/next@16.3.3_@babel+core@7.29.7_supports-color@7.2.0__@types+node@26.2.0_react-dom@19.2.8_react@19.2.8__react@19.2.8/node_modules/next/dist/compiled/next-server/pages-api.runtime.prod.js:1:108697)
    at async Module.n (/app/.next/server/pages/api/docker/status/[...service].js:2:7003)
    at async NextNodeServer.runApi (/app/node_modules/.pnpm/next@16.3.3_@babel+core@7.29.7_supports-color@7.2.0__@types+node@26.2.0_react-dom@19.2.8_react@19.2.8__react@19.2.8/node_modules/next/dist/server/next-server.js:700:9)
    at async NextNodeServer.handleCatchallRenderRequest (/app/node_modules/.pnpm/next@16.3.3_@babel+core@7.29.7_supports-color@7.2.0__@types+node@26.2.0_react-dom@19.2.8_react@19.2.8__react@19.2.8/node_modules/next/dist/server/next-server.js:335:37)
    at async NextNodeServer.handleRequestImpl (/app/node_modules/.pnpm/next@16.3.3_@babel+core@7.29.7_supports-color@7.2.0__@types+node@26.2.0_react-dom@19.2.8_react@19.2.8__react@19.2.8/node_modules/next/dist/server/base-server.js:979:17)
    at async invokeRender (/app/node_modules/.pnpm/next@16.3.3_@babel+core@7.29.7_supports-color@7.2.0__@types+node@26.2.0_react-dom@19.2.8_react@19.2.8__react@19.2.8/node_modules/next/dist/server/lib/router-server.js:306:21)
[2026-09-02T17:56:38.774Z] error: <dockerStatusService> Error: connect EACCES /var/run/docker.sock
    at PipeConnectWrap.afterConnect [as oncomplete] (node:net:1638:16)
    at PipeConnectWrap.callbackTrampoline (node:internal/async_hooks:130:17)
[2026-09-02T17:56:38.795Z] error: <service-helpers> Error getting services from Docker server 'my-docker': Error: connect EACCES /var/run/docker.sock
    at ignore-listed frames {
  errno: -13,
  code: 'EACCES',
  syscall: 'connect',
  address: '/var/run/docker.sock'
}
[2026-09-02T17:56:38.800Z] error: <service-helpers> Error getting services from Docker server 'my-docker': Error: connect EACCES /var/run/docker.sock
    at ignore-listed frames {
  errno: -13,
  code: 'EACCES',
  syscall: 'connect',
  address: '/var/run/docker.sock'
}
[2026-09-02T17:56:38.896Z] error: <dockerStatusService> Error: connect EACCES /var/run/docker.sock
    at PipeConnectWrap.afterConnect [as oncomplete] (node:net:1638:16)
    at PipeConnectWrap.callbackTrampoline (node:internal/async_hooks:130:17)
[2026-09-02T17:56:38.910Z] error: <service-helpers> Error getting services from Docker server 'my-docker': Error: connect EACCES /var/run/docker.sock
    at ignore-listed frames {
  errno: -13,
  code: 'EACCES',
  syscall: 'connect',
  address: '/var/run/docker.sock'
}
[2026-09-02T17:56:44.150Z] error: <service-helpers> Error getting services from Docker server 'my-docker': Error: connect EACCES /var/run/docker.sock
    at ignore-listed frames {
  errno: -13,
  code: 'EACCES',
  syscall: 'connect',
  address: '/var/run/docker.sock'
}
[2026-09-02T17:56:44.151Z] error: <dockerStatusService> Error: connect EACCES /var/run/docker.sock
    at PipeConnectWrap.afterConnect [as oncomplete] (node:net:1638:16)
    at PipeConnectWrap.callbackTrampoline (node:internal/async_hooks:130:17)
[2026-09-02T17:56:52.770Z] error: <service-helpers> Error getting services from Docker server 'my-docker': Error: connect EACCES /var/run/docker.sock
    at ignore-listed frames {
  errno: -13,
  code: 'EACCES',
  syscall: 'connect',
  address: '/var/run/docker.sock'
}
[2026-09-02T17:56:52.886Z] error: <dockerStatusService> Error: connect EACCES /var/run/docker.sock
    at PipeConnectWrap.afterConnect [as oncomplete] (node:net:1638:16)
    at PipeConnectWrap.callbackTrampoline (node:internal/async_hooks:130:17)
[2026-09-02T17:56:52.899Z] error: <service-helpers> Error getting services from Docker server 'my-docker': Error: connect EACCES /var/run/docker.sock
    at ignore-listed frames {
  errno: -13,
  code: 'EACCES',
  syscall: 'connect',
  address: '/var/run/docker.sock'
}
[2026-09-02T17:57:05.919Z] error: <dockerStatusService> Error: connect EACCES /var/run/docker.sock
    at PipeConnectWrap.afterConnect [as oncomplete] (node:net:1638:16)
    at PipeConnectWrap.callbackTrampoline (node:internal/async_hooks:130:17)
[2026-09-02T17:57:05.926Z] error: <service-helpers> Error getting services from Docker server 'my-docker': Error: connect EACCES /var/run/docker.sock
    at ignore-listed frames {
  errno: -13,
  code: 'EACCES',
  syscall: 'connect',
  address: '/var/run/docker.sock'
}
[2026-09-02T17:57:14.320Z] error: <dockerStatusService> Error: connect EACCES /var/run/docker.sock
    at PipeConnectWrap.afterConnect [as oncomplete] (node:net:1638:16)
    at PipeConnectWrap.callbackTrampoline (node:internal/async_hooks:130:17)
[2026-09-02T17:57:14.328Z] error: <service-helpers> Error getting services from Docker server 'my-docker': Error: connect EACCES /var/run/docker.sock
    at ignore-listed frames {
  errno: -13,
  code: 'EACCES',
  syscall: 'connect',
  address: '/var/run/docker.sock'
}
[2026-09-02T17:58:13.948Z] error: <dockerStatusService> Error: connect EACCES /var/run/docker.sock
    at PipeConnectWrap.afterConnect [as oncomplete] (node:net:1638:16)
    at PipeConnectWrap.callbackTrampoline (node:internal/async_hooks:130:17)
[2026-09-02T17:58:13.958Z] error: <service-helpers> Error getting services from Docker server 'my-docker': Error: connect EACCES /var/run/docker.sock
    at ignore-listed frames {
  errno: -13,
  code: 'EACCES',
  syscall: 'connect',
  address: '/var/run/docker.sock'
}
[2026-09-02T17:58:25.346Z] error: <dockerStatusService> Error: connect EACCES /var/run/docker.sock
    at PipeConnectWrap.afterConnect [as oncomplete] (node:net:1638:16)
    at PipeConnectWrap.callbackTrampoline (node:internal/async_hooks:130:17)
[2026-09-02T17:58:25.352Z] error: <service-helpers> Error getting services from Docker server 'my-docker': Error: connect EACCES /var/run/docker.sock
    at ignore-listed frames {
  errno: -13,
  code: 'EACCES',
  syscall: 'connect',
  address: '/var/run/docker.sock'
}
[2026-09-02T17:58:38.934Z] error: <dockerStatusService> Error: connect EACCES /var/run/docker.sock
    at PipeConnectWrap.afterConnect [as oncomplete] (node:net:1638:16)
    at PipeConnectWrap.callbackTrampoline (node:internal/async_hooks:130:17)
[2026-09-02T17:58:38.942Z] error: <service-helpers> Error getting services from Docker server 'my-docker': Error: connect EACCES /var/run/docker.sock
    at ignore-listed frames {
  errno: -13,
  code: 'EACCES',
  syscall: 'connect',
  address: '/var/run/docker.sock'
}
[2026-09-02T18:08:06.403Z] error: <dockerStatusService> Error: connect EACCES /var/run/docker.sock
    at PipeConnectWrap.afterConnect [as oncomplete] (node:net:1638:16)
    at PipeConnectWrap.callbackTrampoline (node:internal/async_hooks:130:17)
[2026-09-02T18:08:06.410Z] error: <service-helpers> Error getting services from Docker server 'my-docker': Error: connect EACCES /var/run/docker.sock
    at ignore-listed frames {
  errno: -13,
  code: 'EACCES',
  syscall: 'connect',
  address: '/var/run/docker.sock'
}
[2026-09-02T18:08:28.827Z] error: <dockerStatusService> Error: connect EACCES /var/run/docker.sock
    at PipeConnectWrap.afterConnect [as oncomplete] (node:net:1638:16)
    at PipeConnectWrap.callbackTrampoline (node:internal/async_hooks:130:17)
[2026-09-02T18:08:28.830Z] error: <service-helpers> Error getting services from Docker server 'my-docker': Error: connect EACCES /var/run/docker.sock
    at ignore-listed frames {
  errno: -13,
  code: 'EACCES',
  syscall: 'connect',
  address: '/var/run/docker.sock'
}
[2026-09-02T18:10:02.353Z] error: <dockerStatusService> Error: connect EACCES /var/run/docker.sock
    at PipeConnectWrap.afterConnect [as oncomplete] (node:net:1638:16)
    at PipeConnectWrap.callbackTrampoline (node:internal/async_hooks:130:17)
[2026-09-02T18:10:02.359Z] error: <service-helpers> Error getting services from Docker server 'my-docker': Error: connect EACCES /var/run/docker.sock
    at ignore-listed frames {
  errno: -13,
  code: 'EACCES',
  syscall: 'connect',
  address: '/var/run/docker.sock'
}
[2026-09-02T18:10:06.940Z] error: <service-helpers> Error getting services from Docker server 'my-docker': Error: connect EACCES /var/run/docker.sock
    at ignore-listed frames {
  errno: -13,
  code: 'EACCES',
  syscall: 'connect',
  address: '/var/run/docker.sock'
}
[2026-09-02T18:10:07.023Z] error: <dockerStatusService> Error: connect EACCES /var/run/docker.sock
    at PipeConnectWrap.afterConnect [as oncomplete] (node:net:1638:16)
    at PipeConnectWrap.callbackTrampoline (node:internal/async_hooks:130:17)
[2026-09-02T18:10:07.039Z] error: <service-helpers> Error getting services from Docker server 'my-docker': Error: connect EACCES /var/run/docker.sock
    at ignore-listed frames {
  errno: -13,
  code: 'EACCES',
  syscall: 'connect',
  address: '/var/run/docker.sock'
}
[2026-09-02T18:10:10.881Z] error: <dockerStatsService> Error: connect EACCES /var/run/docker.sock
    at PipeConnectWrap.afterConnect [as oncomplete] (node:net:1638:16)
    at PipeConnectWrap.callbackTrampoline (node:internal/async_hooks:130:17)
[2026-09-02T18:10:10.883Z] error: <dockerStatusService> Error: connect EACCES /var/run/docker.sock
    at PipeConnectWrap.afterConnect [as oncomplete] (node:net:1638:16)
    at PipeConnectWrap.callbackTrampoline (node:internal/async_hooks:130:17)
[2026-09-02T18:10:13.466Z] error: <dockerStatusService> Error: connect EACCES /var/run/docker.sock
    at PipeConnectWrap.afterConnect [as oncomplete] (node:net:1638:16)
    at PipeConnectWrap.callbackTrampoline (node:internal/async_hooks:130:17)
[2026-09-02T18:10:13.475Z] error: <dockerStatsService> Error: connect EACCES /var/run/docker.sock
    at PipeConnectWrap.afterConnect [as oncomplete] (node:net:1638:16)
    at PipeConnectWrap.callbackTrampoline (node:internal/async_hooks:130:17)
[2026-09-02T18:10:26.771Z] error: <dockerStatusService> Error: connect EACCES /var/run/docker.sock
    at PipeConnectWrap.afterConnect [as oncomplete] (node:net:1638:16)
    at PipeConnectWrap.callbackTrampoline (node:internal/async_hooks:130:17)
[2026-09-02T18:10:26.777Z] error: <service-helpers> Error getting services from Docker server 'my-docker': Error: connect EACCES /var/run/docker.sock
    at ignore-listed frames {
  errno: -13,
  code: 'EACCES',
  syscall: 'connect',
  address: '/var/run/docker.sock'
}
[2026-09-02T18:10:26.873Z] error: <dockerStatusService> Error: connect EACCES /var/run/docker.sock
    at PipeConnectWrap.afterConnect [as oncomplete] (node:net:1638:16)
    at PipeConnectWrap.callbackTrampoline (node:internal/async_hooks:130:17)
[2026-09-02T18:10:26.885Z] error: <service-helpers> Error getting services from Docker server 'my-docker': Error: connect EACCES /var/run/docker.sock
    at ignore-listed frames {
  errno: -13,
  code: 'EACCES',
  syscall: 'connect',
  address: '/var/run/docker.sock'
}
[2026-09-02T18:10:28.527Z] error: <service-helpers> Error getting services from Docker server 'my-docker': Error: connect EACCES /var/run/docker.sock
    at ignore-listed frames {
  errno: -13,
  code: 'EACCES',
  syscall: 'connect',
  address: '/var/run/docker.sock'
}
[2026-09-02T18:10:28.606Z] error: <dockerStatusService> Error: connect EACCES /var/run/docker.sock
    at PipeConnectWrap.afterConnect [as oncomplete] (node:net:1638:16)
    at PipeConnectWrap.callbackTrampoline (node:internal/async_hooks:130:17)
[2026-09-02T18:10:28.619Z] error: <service-helpers> Error getting services from Docker server 'my-docker': Error: connect EACCES /var/run/docker.sock
    at ignore-listed frames {
  errno: -13,
  code: 'EACCES',
  syscall: 'connect',
  address: '/var/run/docker.sock'
}
[2026-09-02T18:10:56.431Z] error: <service-helpers> Error getting services from Docker server 'my-docker': Error: connect EACCES /var/run/docker.sock
    at ignore-listed frames {
  errno: -13,
  code: 'EACCES',
  syscall: 'connect',
  address: '/var/run/docker.sock'
}
[2026-09-02T18:10:56.435Z] error: <dockerStatusService> Error: connect EACCES /var/run/docker.sock
    at PipeConnectWrap.afterConnect [as oncomplete] (node:net:1638:16)
    at PipeConnectWrap.callbackTrampoline (node:internal/async_hooks:130:17)
[2026-09-02T18:11:29.277Z] error: <dockerStatusService> Error: connect EACCES /var/run/docker.sock
    at PipeConnectWrap.afterConnect [as oncomplete] (node:net:1638:16)
    at PipeConnectWrap.callbackTrampoline (node:internal/async_hooks:130:17)
[2026-09-02T18:11:29.293Z] error: <service-helpers> Error getting services from Docker server 'my-docker': Error: connect EACCES /var/run/docker.sock
    at ignore-listed frames {
  errno: -13,
  code: 'EACCES',
  syscall: 'connect',
  address: '/var/run/docker.sock'
}
[2026-09-02T18:11:29.932Z] error: <dockerStatusService> Error: connect EACCES /var/run/docker.sock
    at PipeConnectWrap.afterConnect [as oncomplete] (node:net:1638:16)
    at PipeConnectWrap.callbackTrampoline (node:internal/async_hooks:130:17)
[2026-09-02T18:11:29.946Z] error: <service-helpers> Error getting services from Docker server 'my-docker': Error: connect EACCES /var/run/docker.sock
    at ignore-listed frames {
  errno: -13,
  code: 'EACCES',
  syscall: 'connect',
  address: '/var/run/docker.sock'
}
[2026-09-02T18:11:31.872Z] error: <service-helpers> Error getting services from Docker server 'my-docker': Error: connect EACCES /var/run/docker.sock
    at ignore-listed frames {
  errno: -13,
  code: 'EACCES',
  syscall: 'connect',
  address: '/var/run/docker.sock'
}
[2026-09-02T18:11:31.970Z] error: <dockerStatusService> Error: connect EACCES /var/run/docker.sock
    at PipeConnectWrap.afterConnect [as oncomplete] (node:net:1638:16)
    at PipeConnectWrap.callbackTrampoline (node:internal/async_hooks:130:17)
[2026-09-02T18:11:31.984Z] error: <service-helpers> Error getting services from Docker server 'my-docker': Error: connect EACCES /var/run/docker.sock
    at ignore-listed frames {
  errno: -13,
  code: 'EACCES',
  syscall: 'connect',
  address: '/var/run/docker.sock'
}
[2026-09-02T18:11:45.378Z] error: <dockerStatusService> Error: connect EACCES /var/run/docker.sock
    at PipeConnectWrap.afterConnect [as oncomplete] (node:net:1638:16)
    at PipeConnectWrap.callbackTrampoline (node:internal/async_hooks:130:17)
[2026-09-02T18:11:45.382Z] error: <service-helpers> Error getting services from Docker server 'my-docker': Error: connect EACCES /var/run/docker.sock
    at ignore-listed frames {
  errno: -13,
  code: 'EACCES',
  syscall: 'connect',
  address: '/var/run/docker.sock'
}
[2026-09-02T18:11:46.588Z] error: <dockerStatusService> Error: connect EACCES /var/run/docker.sock
    at PipeConnectWrap.afterConnect [as oncomplete] (node:net:1638:16)
    at PipeConnectWrap.callbackTrampoline (node:internal/async_hooks:130:17)
[2026-09-02T18:11:46.609Z] error: <service-helpers> Error getting services from Docker server 'my-docker': Error: connect EACCES /var/run/docker.sock
    at ignore-listed frames {
  errno: -13,
  code: 'EACCES',
  syscall: 'connect',
  address: '/var/run/docker.sock'
}
[2026-09-02T18:12:05.985Z] error: <dockerStatusService> Error: connect EACCES /var/run/docker.sock
    at PipeConnectWrap.afterConnect [as oncomplete] (node:net:1638:16)
    at PipeConnectWrap.callbackTrampoline (node:internal/async_hooks:130:17)
[2026-09-02T18:12:06.010Z] error: <service-helpers> Error getting services from Docker server 'my-docker': Error: connect EACCES /var/run/docker.sock
    at ignore-listed frames {
  errno: -13,
  code: 'EACCES',
  syscall: 'connect',
  address: '/var/run/docker.sock'
}
[2026-09-02T18:12:06.077Z] error: <service-helpers> Error getting services from Docker server 'my-docker': Error: connect EACCES /var/run/docker.sock
    at ignore-listed frames {
  errno: -13,
  code: 'EACCES',
  syscall: 'connect',
  address: '/var/run/docker.sock'
}
[2026-09-02T18:12:06.168Z] error: <dockerStatusService> Error: connect EACCES /var/run/docker.sock
    at PipeConnectWrap.afterConnect [as oncomplete] (node:net:1638:16)
    at PipeConnectWrap.callbackTrampoline (node:internal/async_hooks:130:17)
[2026-09-02T18:12:06.193Z] error: <service-helpers> Error getting services from Docker server 'my-docker': Error: connect EACCES /var/run/docker.sock
    at ignore-listed frames {
  errno: -13,
  code: 'EACCES',
  syscall: 'connect',
  address: '/var/run/docker.sock'
}
[2026-09-02T18:12:07.268Z] error: <dockerStatusService> Error: connect EACCES /var/run/docker.sock
    at PipeConnectWrap.afterConnect [as oncomplete] (node:net:1638:16)
    at PipeConnectWrap.callbackTrampoline (node:internal/async_hooks:130:17)
[2026-09-02T18:12:07.287Z] error: <service-helpers> Error getting services from Docker server 'my-docker': Error: connect EACCES /var/run/docker.sock
    at ignore-listed frames {
  errno: -13,
  code: 'EACCES',
  syscall: 'connect',
  address: '/var/run/docker.sock'
}
[2026-09-02T18:12:09.514Z] error: <service-helpers> Error getting services from Docker server 'my-docker': Error: connect EACCES /var/run/docker.sock
    at ignore-listed frames {
  errno: -13,
  code: 'EACCES',
  syscall: 'connect',
  address: '/var/run/docker.sock'
}
[2026-09-02T18:12:09.607Z] error: <dockerStatusService> Error: connect EACCES /var/run/docker.sock
    at PipeConnectWrap.afterConnect [as oncomplete] (node:net:1638:16)
    at PipeConnectWrap.callbackTrampoline (node:internal/async_hooks:130:17)
[2026-09-02T18:12:09.622Z] error: <service-helpers> Error getting services from Docker server 'my-docker': Error: connect EACCES /var/run/docker.sock
    at ignore-listed frames {
  errno: -13,
  code: 'EACCES',
  syscall: 'connect',
  address: '/var/run/docker.sock'
}
[2026-09-02T18:12:35.145Z] error: <dockerStatusService> Error: connect EACCES /var/run/docker.sock
    at PipeConnectWrap.afterConnect [as oncomplete] (node:net:1638:16)
    at PipeConnectWrap.callbackTrampoline (node:internal/async_hooks:130:17)
[2026-09-02T18:12:35.152Z] error: <service-helpers> Error getting services from Docker server 'my-docker': Error: connect EACCES /var/run/docker.sock
    at ignore-listed frames {
  errno: -13,
  code: 'EACCES',
  syscall: 'connect',
  address: '/var/run/docker.sock'
}
[2026-09-02T18:13:24.826Z] error: <service-helpers> Error getting services from Docker server 'my-docker': Error: connect EACCES /var/run/docker.sock
    at ignore-listed frames {
  errno: -13,
  code: 'EACCES',
  syscall: 'connect',
  address: '/var/run/docker.sock'
}
[2026-09-02T18:13:24.834Z] error: <dockerStatusService> Error: connect EACCES /var/run/docker.sock
    at PipeConnectWrap.afterConnect [as oncomplete] (node:net:1638:16)
    at PipeConnectWrap.callbackTrampoline (node:internal/async_hooks:130:17)
[2026-09-02T18:13:24.915Z] error: <service-helpers> Error getting services from Docker server 'my-docker': Error: connect EACCES /var/run/docker.sock
    at ignore-listed frames {
  errno: -13,
  code: 'EACCES',
  syscall: 'connect',
  address: '/var/run/docker.sock'
}
[2026-09-02T18:13:25.042Z] error: <dockerStatusService> Error: connect EACCES /var/run/docker.sock
    at PipeConnectWrap.afterConnect [as oncomplete] (node:net:1638:16)
    at PipeConnectWrap.callbackTrampoline (node:internal/async_hooks:130:17)
[2026-09-02T18:13:25.070Z] error: <service-helpers> Error getting services from Docker server 'my-docker': Error: connect EACCES /var/run/docker.sock
    at ignore-listed frames {
  errno: -13,
  code: 'EACCES',
  syscall: 'connect',
  address: '/var/run/docker.sock'
}
[2026-09-02T18:13:25.758Z] error: <dockerStatusService> Error: connect EACCES /var/run/docker.sock
    at PipeConnectWrap.afterConnect [as oncomplete] (node:net:1638:16)
    at PipeConnectWrap.callbackTrampoline (node:internal/async_hooks:130:17)
[2026-09-02T18:13:25.777Z] error: <service-helpers> Error getting services from Docker server 'my-docker': Error: connect EACCES /var/run/docker.sock
    at ignore-listed frames {
  errno: -13,
  code: 'EACCES',
  syscall: 'connect',
  address: '/var/run/docker.sock'
}
[2026-09-02T18:13:27.884Z] error: <dockerStatusService> Error: connect EACCES /var/run/docker.sock
    at PipeConnectWrap.afterConnect [as oncomplete] (node:net:1638:16)
    at PipeConnectWrap.callbackTrampoline (node:internal/async_hooks:130:17)
[2026-09-02T18:13:27.906Z] error: <service-helpers> Error getting services from Docker server 'my-docker': Error: connect EACCES /var/run/docker.sock
    at ignore-listed frames {
  errno: -13,
  code: 'EACCES',
  syscall: 'connect',
  address: '/var/run/docker.sock'
}
[2026-09-02T18:13:36.647Z] error: <dockerStatusService> Error: connect EACCES /var/run/docker.sock
    at PipeConnectWrap.afterConnect [as oncomplete] (node:net:1638:16)
    at PipeConnectWrap.callbackTrampoline (node:internal/async_hooks:130:17)
[2026-09-02T18:13:36.655Z] error: <service-helpers> Error getting services from Docker server 'my-docker': Error: connect EACCES /var/run/docker.sock
    at ignore-listed frames {
  errno: -13,
  code: 'EACCES',
  syscall: 'connect',
  address: '/var/run/docker.sock'
}
[2026-09-02T18:13:36.812Z] error: <dockerStatusService> Error: connect EACCES /var/run/docker.sock
    at PipeConnectWrap.afterConnect [as oncomplete] (node:net:1638:16)
    at PipeConnectWrap.callbackTrampoline (node:internal/async_hooks:130:17)
[2026-09-02T18:13:36.826Z] error: <service-helpers> Error getting services from Docker server 'my-docker': Error: connect EACCES /var/run/docker.sock
    at ignore-listed frames {
  errno: -13,
  code: 'EACCES',
  syscall: 'connect',
  address: '/var/run/docker.sock'
}
[2026-09-02T18:13:38.774Z] error: <dockerStatusService> Error: connect EACCES /var/run/docker.sock
    at PipeConnectWrap.afterConnect [as oncomplete] (node:net:1638:16)
    at PipeConnectWrap.callbackTrampoline (node:internal/async_hooks:130:17)
[2026-09-02T18:13:38.795Z] error: <service-helpers> Error getting services from Docker server 'my-docker': Error: connect EACCES /var/run/docker.sock
    at ignore-listed frames {
  errno: -13,
  code: 'EACCES',
  syscall: 'connect',
  address: '/var/run/docker.sock'
}
[2026-09-02T18:13:45.467Z] error: <dockerStatusService> Error: connect EACCES /var/run/docker.sock
    at PipeConnectWrap.afterConnect [as oncomplete] (node:net:1638:16)
    at PipeConnectWrap.callbackTrampoline (node:internal/async_hooks:130:17)
[2026-09-02T18:13:45.476Z] error: <service-helpers> Error getting services from Docker server 'my-docker': Error: connect EACCES /var/run/docker.sock
    at ignore-listed frames {
  errno: -13,
  code: 'EACCES',
  syscall: 'connect',
  address: '/var/run/docker.sock'
}
[2026-09-02T18:13:46.659Z] error: <dockerStatusService> Error: connect EACCES /var/run/docker.sock
    at PipeConnectWrap.afterConnect [as oncomplete] (node:net:1638:16)
    at PipeConnectWrap.callbackTrampoline (node:internal/async_hooks:130:17)
[2026-09-02T18:13:46.678Z] error: <service-helpers> Error getting services from Docker server 'my-docker': Error: connect EACCES /var/run/docker.sock
    at ignore-listed frames {
  errno: -13,
  code: 'EACCES',
  syscall: 'connect',
  address: '/var/run/docker.sock'
}
[2026-09-02T18:13:58.529Z] error: <dockerStatusService> Error: connect EACCES /var/run/docker.sock
    at PipeConnectWrap.afterConnect [as oncomplete] (node:net:1638:16)
    at PipeConnectWrap.callbackTrampoline (node:internal/async_hooks:130:17)
[2026-09-02T18:13:58.621Z] error: <dockerStatusService> Error: connect EACCES /var/run/docker.sock
    at PipeConnectWrap.afterConnect [as oncomplete] (node:net:1638:16)
    at PipeConnectWrap.callbackTrampoline (node:internal/async_hooks:130:17)
[2026-09-02T18:13:58.704Z] error: <service-helpers> Error getting services from Docker server 'my-docker': Error: connect EACCES /var/run/docker.sock
    at ignore-listed frames {
  errno: -13,
  code: 'EACCES',
  syscall: 'connect',
  address: '/var/run/docker.sock'
}
[2026-09-02T18:13:58.707Z] error: <service-helpers> Error getting services from Docker server 'my-docker': Error: connect EACCES /var/run/docker.sock
    at ignore-listed frames {
  errno: -13,
  code: 'EACCES',
  syscall: 'connect',
  address: '/var/run/docker.sock'
}
[2026-09-02T18:13:58.823Z] error: <dockerStatusService> Error: connect EACCES /var/run/docker.sock
    at PipeConnectWrap.afterConnect [as oncomplete] (node:net:1638:16)
    at PipeConnectWrap.callbackTrampoline (node:internal/async_hooks:130:17)
[2026-09-02T18:13:58.841Z] error: <service-helpers> Error getting services from Docker server 'my-docker': Error: connect EACCES /var/run/docker.sock
    at ignore-listed frames {
  errno: -13,
  code: 'EACCES',
  syscall: 'connect',
  address: '/var/run/docker.sock'
}
[2026-09-03T12:05:00.146Z] error: Host validation failed for: 192.168.5.103:3000. Hint: Set the HOMEPAGE_ALLOWED_HOSTS environment variable to allow requests from this host / port.
[2026-09-03T12:05:07.363Z] error: Host validation failed for: 192.168.5.103:3000. Hint: Set the HOMEPAGE_ALLOWED_HOSTS environment variable to allow requests from this host / port.
[2026-09-03T12:05:33.907Z] error: Host validation failed for: 192.168.5.103:3000. Hint: Set the HOMEPAGE_ALLOWED_HOSTS environment variable to allow requests from this host / port.
[2026-09-03T12:07:49.077Z] error: Host validation failed for: 192.168.5.103:3000. Hint: Set the HOMEPAGE_ALLOWED_HOSTS environment variable to allow requests from this host / port.
[2026-09-03T12:08:09.501Z] error: Host validation failed for: 192.168.5.103:3000. Hint: Set the HOMEPAGE_ALLOWED_HOSTS environment variable to allow requests from this host / port.
[2026-09-03T12:08:46.604Z] error: Host validation failed for: 192.168.5.103:3000. Hint: Set the HOMEPAGE_ALLOWED_HOSTS environment variable to allow requests from this host / port.
[2026-09-03T12:13:27.416Z] error: Host validation failed for: 192.168.5.103:3000. Hint: Set the HOMEPAGE_ALLOWED_HOSTS environment variable to allow requests from this host / port.
[2026-09-03T12:18:43.027Z] error: Host validation failed for: 192.168.5.103:3000. Hint: Set the HOMEPAGE_ALLOWED_HOSTS environment variable to allow requests from this host / port.
[2026-09-03T12:24:45.047Z] error: Host validation failed for: 192.168.5.103:3000. Hint: Set the HOMEPAGE_ALLOWED_HOSTS environment variable to allow requests from this host / port.
[2026-09-03T12:24:47.673Z] error: Host validation failed for: 192.168.5.103:3000. Hint: Set the HOMEPAGE_ALLOWED_HOSTS environment variable to allow requests from this host / port.
[2026-09-03T12:24:50.204Z] error: Host validation failed for: 192.168.5.103:3000. Hint: Set the HOMEPAGE_ALLOWED_HOSTS environment variable to allow requests from this host / port.
[2026-09-03T12:25:07.056Z] error: Host validation failed for: 192.168.5.103:3000. Hint: Set the HOMEPAGE_ALLOWED_HOSTS environment variable to allow requests from this host / port.
[2026-09-03T12:26:14.117Z] error: Host validation failed for: 192.168.5.103:3000. Hint: Set the HOMEPAGE_ALLOWED_HOSTS environment variable to allow requests from this host / port.
[2026-09-03T12:26:17.987Z] error: Host validation failed for: 192.168.5.103:3000. Hint: Set the HOMEPAGE_ALLOWED_HOSTS environment variable to allow requests from this host / port.
[2026-09-03T12:26:24.464Z] error: Host validation failed for: 192.168.5.103:3000. Hint: Set the HOMEPAGE_ALLOWED_HOSTS environment variable to allow requests from this host / port.
[2026-09-03T12:26:31.211Z] error: Host validation failed for: 192.168.5.103:3000. Hint: Set the HOMEPAGE_ALLOWED_HOSTS environment variable to allow requests from this host / port.
[2026-09-03T12:27:05.726Z] error: Host validation failed for: 192.168.5.103:3000. Hint: Set the HOMEPAGE_ALLOWED_HOSTS environment variable to allow requests from this host / port.
[2026-09-03T12:27:56.658Z] error: Host validation failed for: 192.168.5.103:3000. Hint: Set the HOMEPAGE_ALLOWED_HOSTS environment variable to allow requests from this host / port.
[2026-09-03T12:28:10.850Z] error: Host validation failed for: 192.168.5.103:3000. Hint: Set the HOMEPAGE_ALLOWED_HOSTS environment variable to allow requests from this host / port.
[2026-09-03T12:28:11.992Z] error: Host validation failed for: 192.168.5.103:3000. Hint: Set the HOMEPAGE_ALLOWED_HOSTS environment variable to allow requests from this host / port.
[2026-09-03T12:28:14.704Z] error: Host validation failed for: 192.168.5.103:3000. Hint: Set the HOMEPAGE_ALLOWED_HOSTS environment variable to allow requests from this host / port.
[2026-09-03T12:28:21.843Z] error: Host validation failed for: 192.168.5.103:3000. Hint: Set the HOMEPAGE_ALLOWED_HOSTS environment variable to allow requests from this host / port.
[2026-09-03T12:41:04.165Z] error: <filebrowserProxyHandler> Unexpected status code 403 when logging in to Filebrowser API for service 'FileBrowser'
[2026-09-03T12:41:10.845Z] error: <filebrowserProxyHandler> Unexpected status code 403 when logging in to Filebrowser API for service 'FileBrowser'
[2026-09-03T12:41:12.513Z] error: <filebrowserProxyHandler> Unexpected status code 403 when logging in to Filebrowser API for service 'FileBrowser'
[2026-09-03T12:41:25.363Z] error: <filebrowserProxyHandler> Unexpected status code 403 when logging in to Filebrowser API for service 'FileBrowser'
[2026-09-03T12:41:30.533Z] error: <filebrowserProxyHandler> Unexpected status code 403 when logging in to Filebrowser API for service 'FileBrowser'
[2026-09-03T12:41:36.528Z] error: <filebrowserProxyHandler> Unexpected status code 403 when logging in to Filebrowser API for service 'FileBrowser'
[2026-09-03T12:41:41.915Z] error: <filebrowserProxyHandler> Unexpected status code 403 when logging in to Filebrowser API for service 'FileBrowser'
[2026-09-03T12:45:16.597Z] error: Host validation failed for: 192.168.5.103:3000. Hint: Set the HOMEPAGE_ALLOWED_HOSTS environment variable to allow requests from this host / port.
[2026-09-03T12:45:17.559Z] error: Host validation failed for: 192.168.5.103:3000. Hint: Set the HOMEPAGE_ALLOWED_HOSTS environment variable to allow requests from this host / port.
[2026-09-03T12:45:17.566Z] error: Host validation failed for: 192.168.5.103:3000. Hint: Set the HOMEPAGE_ALLOWED_HOSTS environment variable to allow requests from this host / port.
[2026-09-03T12:45:19.616Z] error: Host validation failed for: 192.168.5.103:3000. Hint: Set the HOMEPAGE_ALLOWED_HOSTS environment variable to allow requests from this host / port.
[2026-09-03T12:45:20.592Z] error: Host validation failed for: 192.168.5.103:3000. Hint: Set the HOMEPAGE_ALLOWED_HOSTS environment variable to allow requests from this host / port.
[2026-09-03T12:45:20.594Z] error: Host validation failed for: 192.168.5.103:3000. Hint: Set the HOMEPAGE_ALLOWED_HOSTS environment variable to allow requests from this host / port.
[2026-09-03T12:45:22.631Z] error: Host validation failed for: 192.168.5.103:3000. Hint: Set the HOMEPAGE_ALLOWED_HOSTS environment variable to allow requests from this host / port.
[2026-09-03T12:45:23.609Z] error: Host validation failed for: 192.168.5.103:3000. Hint: Set the HOMEPAGE_ALLOWED_HOSTS environment variable to allow requests from this host / port.
[2026-09-03T12:45:23.613Z] error: Host validation failed for: 192.168.5.103:3000. Hint: Set the HOMEPAGE_ALLOWED_HOSTS environment variable to allow requests from this host / port.
[2026-09-03T12:45:24.567Z] error: Host validation failed for: 192.168.5.103:3000. Hint: Set the HOMEPAGE_ALLOWED_HOSTS environment variable to allow requests from this host / port.
[2026-09-03T12:45:24.572Z] error: Host validation failed for: 192.168.5.103:3000. Hint: Set the HOMEPAGE_ALLOWED_HOSTS environment variable to allow requests from this host / port.
[2026-09-03T12:45:24.575Z] error: Host validation failed for: 192.168.5.103:3000. Hint: Set the HOMEPAGE_ALLOWED_HOSTS environment variable to allow requests from this host / port.
[2026-09-03T12:45:24.577Z] error: Host validation failed for: 192.168.5.103:3000. Hint: Set the HOMEPAGE_ALLOWED_HOSTS environment variable to allow requests from this host / port.
[2026-09-03T12:45:24.579Z] error: Host validation failed for: 192.168.5.103:3000. Hint: Set the HOMEPAGE_ALLOWED_HOSTS environment variable to allow requests from this host / port.
[2026-09-03T12:45:24.580Z] error: Host validation failed for: 192.168.5.103:3000. Hint: Set the HOMEPAGE_ALLOWED_HOSTS environment variable to allow requests from this host / port.
[2026-09-03T12:45:24.582Z] error: Host validation failed for: 192.168.5.103:3000. Hint: Set the HOMEPAGE_ALLOWED_HOSTS environment variable to allow requests from this host / port.
[2026-09-03T12:45:24.583Z] error: Host validation failed for: 192.168.5.103:3000. Hint: Set the HOMEPAGE_ALLOWED_HOSTS environment variable to allow requests from this host / port.
[2026-09-03T12:45:24.585Z] error: Host validation failed for: 192.168.5.103:3000. Hint: Set the HOMEPAGE_ALLOWED_HOSTS environment variable to allow requests from this host / port.
[2026-09-03T12:45:24.586Z] error: Host validation failed for: 192.168.5.103:3000. Hint: Set the HOMEPAGE_ALLOWED_HOSTS environment variable to allow requests from this host / port.
[2026-09-03T12:45:24.588Z] error: Host validation failed for: 192.168.5.103:3000. Hint: Set the HOMEPAGE_ALLOWED_HOSTS environment variable to allow requests from this host / port.
[2026-09-03T12:45:24.589Z] error: Host validation failed for: 192.168.5.103:3000. Hint: Set the HOMEPAGE_ALLOWED_HOSTS environment variable to allow requests from this host / port.
[2026-09-03T12:45:26.327Z] error: Host validation failed for: 192.168.5.103:3000. Hint: Set the HOMEPAGE_ALLOWED_HOSTS environment variable to allow requests from this host / port.
[2026-09-03T12:45:30.258Z] error: Host validation failed for: 192.168.5.103:3000. Hint: Set the HOMEPAGE_ALLOWED_HOSTS environment variable to allow requests from this host / port.
[2026-09-03T12:47:50.032Z] error: Host validation failed for: 192.168.5.103:3000. Hint: Set the HOMEPAGE_ALLOWED_HOSTS environment variable to allow requests from this host / port.
[2026-09-03T12:49:03.077Z] error: Host validation failed for: 192.168.5.103:3000. Hint: Set the HOMEPAGE_ALLOWED_HOSTS environment variable to allow requests from this host / port.
[2026-09-03T12:49:49.194Z] error: <filebrowserProxyHandler> Unexpected status code 403 when logging in to Filebrowser API for service 'FileBrowser'
[2026-09-03T12:50:15.185Z] error: <filebrowserProxyHandler> Unexpected status code 403 when logging in to Filebrowser API for service 'FileBrowser'
[2026-09-03T12:50:25.143Z] error: <filebrowserProxyHandler> Unexpected status code 403 when logging in to Filebrowser API for service 'FileBrowser'
[2026-09-03T12:51:36.142Z] error: <filebrowserProxyHandler> Unexpected status code 403 when logging in to Filebrowser API for service 'FileBrowser'
[2026-09-03T12:51:39.741Z] error: <filebrowserProxyHandler> Unexpected status code 403 when logging in to Filebrowser API for service 'FileBrowser'
[2026-09-03T12:51:51.042Z] error: <filebrowserProxyHandler> Unexpected status code 403 when logging in to Filebrowser API for service 'FileBrowser'
[2026-09-03T12:53:29.454Z] error: <filebrowserProxyHandler> Unexpected status code 403 when logging in to Filebrowser API for service 'FileBrowser'
[2026-09-03T12:53:29.996Z] error: <filebrowserProxyHandler> Unexpected status code 403 when logging in to Filebrowser API for service 'FileBrowser'
[2026-09-03T12:53:36.361Z] error: <filebrowserProxyHandler> Unexpected status code 403 when logging in to Filebrowser API for service 'FileBrowser'
[2026-09-03T12:55:17.405Z] error: <dockerStatusService> TypeError: Cannot read properties of null (reading 'my-docker')
    at k (/app/.next/server/chunks/7572.js:1:14438)
    at j (/app/.next/server/pages/api/docker/status/[...service].js:2:1476)
    at tO (/app/node_modules/.pnpm/next@16.3.3_@babel+core@7.29.7_supports-color@7.2.0__@types+node@26.2.0_react-dom@19.2.8_react@19.2.8__react@19.2.8/node_modules/next/dist/compiled/next-server/pages-api.runtime.prod.js:1:107988)
    at process.processTicksAndRejections (node:internal/process/task_queues:103:5)
    at async tA.render (/app/node_modules/.pnpm/next@16.3.3_@babel+core@7.29.7_supports-color@7.2.0__@types+node@26.2.0_react-dom@19.2.8_react@19.2.8__react@19.2.8/node_modules/next/dist/compiled/next-server/pages-api.runtime.prod.js:1:108697)
    at async Module.n (/app/.next/server/pages/api/docker/status/[...service].js:2:7003)
    at async NextNodeServer.runApi (/app/node_modules/.pnpm/next@16.3.3_@babel+core@7.29.7_supports-color@7.2.0__@types+node@26.2.0_react-dom@19.2.8_react@19.2.8__react@19.2.8/node_modules/next/dist/server/next-server.js:700:9)
    at async NextNodeServer.handleCatchallRenderRequest (/app/node_modules/.pnpm/next@16.3.3_@babel+core@7.29.7_supports-color@7.2.0__@types+node@26.2.0_react-dom@19.2.8_react@19.2.8__react@19.2.8/node_modules/next/dist/server/next-server.js:335:37)
    at async NextNodeServer.handleRequestImpl (/app/node_modules/.pnpm/next@16.3.3_@babel+core@7.29.7_supports-color@7.2.0__@types+node@26.2.0_react-dom@19.2.8_react@19.2.8__react@19.2.8/node_modules/next/dist/server/base-server.js:979:17)
    at async invokeRender (/app/node_modules/.pnpm/next@16.3.3_@babel+core@7.29.7_supports-color@7.2.0__@types+node@26.2.0_react-dom@19.2.8_react@19.2.8__react@19.2.8/node_modules/next/dist/server/lib/router-server.js:306:21)
[2026-09-03T12:55:17.414Z] error: <dockerStatusService> TypeError: Cannot read properties of null (reading 'my-docker')
    at k (/app/.next/server/chunks/7572.js:1:14438)
    at j (/app/.next/server/pages/api/docker/status/[...service].js:2:1476)
    at tO (/app/node_modules/.pnpm/next@16.3.3_@babel+core@7.29.7_supports-color@7.2.0__@types+node@26.2.0_react-dom@19.2.8_react@19.2.8__react@19.2.8/node_modules/next/dist/compiled/next-server/pages-api.runtime.prod.js:1:107988)
    at process.processTicksAndRejections (node:internal/process/task_queues:103:5)
    at async tA.render (/app/node_modules/.pnpm/next@16.3.3_@babel+core@7.29.7_supports-color@7.2.0__@types+node@26.2.0_react-dom@19.2.8_react@19.2.8__react@19.2.8/node_modules/next/dist/compiled/next-server/pages-api.runtime.prod.js:1:108697)
    at async Module.n (/app/.next/server/pages/api/docker/status/[...service].js:2:7003)
    at async NextNodeServer.runApi (/app/node_modules/.pnpm/next@16.3.3_@babel+core@7.29.7_supports-color@7.2.0__@types+node@26.2.0_react-dom@19.2.8_react@19.2.8__react@19.2.8/node_modules/next/dist/server/next-server.js:700:9)
    at async NextNodeServer.handleCatchallRenderRequest (/app/node_modules/.pnpm/next@16.3.3_@babel+core@7.29.7_supports-color@7.2.0__@types+node@26.2.0_react-dom@19.2.8_react@19.2.8__react@19.2.8/node_modules/next/dist/server/next-server.js:335:37)
    at async NextNodeServer.handleRequestImpl (/app/node_modules/.pnpm/next@16.3.3_@babel+core@7.29.7_supports-color@7.2.0__@types+node@26.2.0_react-dom@19.2.8_react@19.2.8__react@19.2.8/node_modules/next/dist/server/base-server.js:979:17)
    at async invokeRender (/app/node_modules/.pnpm/next@16.3.3_@babel+core@7.29.7_supports-color@7.2.0__@types+node@26.2.0_react-dom@19.2.8_react@19.2.8__react@19.2.8/node_modules/next/dist/server/lib/router-server.js:306:21)
[2026-09-03T12:55:17.418Z] error: <dockerStatusService> TypeError: Cannot read properties of null (reading 'my-docker')
    at k (/app/.next/server/chunks/7572.js:1:14438)
    at j (/app/.next/server/pages/api/docker/status/[...service].js:2:1476)
    at tO (/app/node_modules/.pnpm/next@16.3.3_@babel+core@7.29.7_supports-color@7.2.0__@types+node@26.2.0_react-dom@19.2.8_react@19.2.8__react@19.2.8/node_modules/next/dist/compiled/next-server/pages-api.runtime.prod.js:1:107988)
    at process.processTicksAndRejections (node:internal/process/task_queues:103:5)
    at async tA.render (/app/node_modules/.pnpm/next@16.3.3_@babel+core@7.29.7_supports-color@7.2.0__@types+node@26.2.0_react-dom@19.2.8_react@19.2.8__react@19.2.8/node_modules/next/dist/compiled/next-server/pages-api.runtime.prod.js:1:108697)
    at async Module.n (/app/.next/server/pages/api/docker/status/[...service].js:2:7003)
    at async NextNodeServer.runApi (/app/node_modules/.pnpm/next@16.3.3_@babel+core@7.29.7_supports-color@7.2.0__@types+node@26.2.0_react-dom@19.2.8_react@19.2.8__react@19.2.8/node_modules/next/dist/server/next-server.js:700:9)
    at async NextNodeServer.handleCatchallRenderRequest (/app/node_modules/.pnpm/next@16.3.3_@babel+core@7.29.7_supports-color@7.2.0__@types+node@26.2.0_react-dom@19.2.8_react@19.2.8__react@19.2.8/node_modules/next/dist/server/next-server.js:335:37)
    at async NextNodeServer.handleRequestImpl (/app/node_modules/.pnpm/next@16.3.3_@babel+core@7.29.7_supports-color@7.2.0__@types+node@26.2.0_react-dom@19.2.8_react@19.2.8__react@19.2.8/node_modules/next/dist/server/base-server.js:979:17)
    at async invokeRender (/app/node_modules/.pnpm/next@16.3.3_@babel+core@7.29.7_supports-color@7.2.0__@types+node@26.2.0_react-dom@19.2.8_react@19.2.8__react@19.2.8/node_modules/next/dist/server/lib/router-server.js:306:21)
[2026-09-03T12:55:17.521Z] error: <filebrowserProxyHandler> Unexpected status code 403 when logging in to Filebrowser API for service 'FileBrowser'
[2026-09-03T12:55:18.139Z] error: <filebrowserProxyHandler> Unexpected status code 403 when logging in to Filebrowser API for service 'FileBrowser'
[2026-09-03T12:55:26.613Z] error: <filebrowserProxyHandler> Unexpected status code 403 when logging in to Filebrowser API for service 'FileBrowser'
[2026-09-03T13:00:29.307Z] error: <dockerStatusService> TypeError: Cannot read properties of null (reading 'conn')
    at j (/app/.next/server/pages/api/docker/status/[...service].js:2:1493)
    at tO (/app/node_modules/.pnpm/next@16.3.3_@babel+core@7.29.7_supports-color@7.2.0__@types+node@26.2.0_react-dom@19.2.8_react@19.2.8__react@19.2.8/node_modules/next/dist/compiled/next-server/pages-api.runtime.prod.js:1:107988)
    at process.processTicksAndRejections (node:internal/process/task_queues:103:5)
    at async tA.render (/app/node_modules/.pnpm/next@16.3.3_@babel+core@7.29.7_supports-color@7.2.0__@types+node@26.2.0_react-dom@19.2.8_react@19.2.8__react@19.2.8/node_modules/next/dist/compiled/next-server/pages-api.runtime.prod.js:1:108697)
    at async Module.n (/app/.next/server/pages/api/docker/status/[...service].js:2:7003)
    at async NextNodeServer.runApi (/app/node_modules/.pnpm/next@16.3.3_@babel+core@7.29.7_supports-color@7.2.0__@types+node@26.2.0_react-dom@19.2.8_react@19.2.8__react@19.2.8/node_modules/next/dist/server/next-server.js:700:9)
    at async NextNodeServer.handleCatchallRenderRequest (/app/node_modules/.pnpm/next@16.3.3_@babel+core@7.29.7_supports-color@7.2.0__@types+node@26.2.0_react-dom@19.2.8_react@19.2.8__react@19.2.8/node_modules/next/dist/server/next-server.js:335:37)
    at async NextNodeServer.handleRequestImpl (/app/node_modules/.pnpm/next@16.3.3_@babel+core@7.29.7_supports-color@7.2.0__@types+node@26.2.0_react-dom@19.2.8_react@19.2.8__react@19.2.8/node_modules/next/dist/server/base-server.js:979:17)
    at async invokeRender (/app/node_modules/.pnpm/next@16.3.3_@babel+core@7.29.7_supports-color@7.2.0__@types+node@26.2.0_react-dom@19.2.8_react@19.2.8__react@19.2.8/node_modules/next/dist/server/lib/router-server.js:306:21)
    at async handleRequest (/app/node_modules/.pnpm/next@16.3.3_@babel+core@7.29.7_supports-color@7.2.0__@types+node@26.2.0_react-dom@19.2.8_react@19.2.8__react@19.2.8/node_modules/next/dist/server/lib/router-server.js:508:24)
